#-----------------------------------------------------------
# Vivado v2018.1 (64-bit)
# SW Build 2188600 on Wed Apr  4 18:40:38 MDT 2018
# IP Build 2185939 on Wed Apr  4 20:55:05 MDT 2018
# Start of session at: Mon Apr  1 18:36:33 2024
# Process ID: 7012
# Current directory: C:/Users/DELL/Desktop/Nano-processor
# Command line: vivado.exe -gui_launcher_event rodinguilauncherevent5616 C:\Users\DELL\Desktop\Nano-processor\Nano-processor.xpr
# Log file: C:/Users/DELL/Desktop/Nano-processor/vivado.log
# Journal file: C:/Users/DELL/Desktop/Nano-processor\vivado.jou
#-----------------------------------------------------------
start_gui
open_project C:/Users/DELL/Desktop/Nano-processor/Nano-processor.xpr
file mkdir C:/Users/DELL/Desktop/Nano-processor/Nano-processor.srcs/sources_1/new
close [ open C:/Users/DELL/Desktop/Nano-processor/Nano-processor.srcs/sources_1/new/Mux_8_to_1.vhd w ]
add_files C:/Users/DELL/Desktop/Nano-processor/Nano-processor.srcs/sources_1/new/Mux_8_to_1.vhd
update_compile_order -fileset sources_1
