#-----------------------------------------------------------
# Vivado v2018.1 (64-bit)
# SW Build 2188600 on Wed Apr  4 18:40:38 MDT 2018
# IP Build 2185939 on Wed Apr  4 20:55:05 MDT 2018
# Start of session at: Wed Apr  3 18:19:23 2024
# Process ID: 19368
# Current directory: D:/Sem 02/Computer Organization and Degital Design/Nano-processor
# Command line: vivado.exe -gui_launcher_event rodinguilauncherevent11540 D:\Sem 02\Computer Organization and Degital Design\Nano-processor\Nano-processor.xpr
# Log file: D:/Sem 02/Computer Organization and Degital Design/Nano-processor/vivado.log
# Journal file: D:/Sem 02/Computer Organization and Degital Design/Nano-processor\vivado.jou
#-----------------------------------------------------------
start_gui
open_project {D:/Sem 02/Computer Organization and Degital Design/Nano-processor/Nano-processor.xpr}
update_compile_order -fileset sources_1
cd D:/Sem 02/Computer Organization and Degital Design/Nano-processor
cd D:/Sem 02/Computer_Organization_and_Degital_Design/Nano-processor
cd "D:/Sem 02/Computer Organization and Degital Design/Nano-processor"
git branch --all
git add --all
git add --all
git add --all
git add --all
git add --all
git add --all
git add --all
git add --all
git add --all
git add --all
git add --all
git add --all
git add --all
